EXO IR:
def foo(a: i32 @ DRAM, b: i32 @ DRAM):
    b = 1
C:
#include "test.h"

// foo(
//     a : i32 @DRAM,
//     b : i32 @DRAM
// )
void foo( void *ctxt, const int32_t* a, int32_t* b ) {
*b = ((int32_t) 1);
}

