EXO IR:
def foo(a: f64 @ DRAM):
    a = 2.0818897486445276
C:
#include "test.h"

#include <stdio.h>
#include <stdlib.h>

// foo(
//     a : f64 @DRAM
// )
void foo( void *ctxt, double* a ) {
*a = 2.0818897486445276;
}

