#include "test.h"



#include <stdio.h>
#include <stdlib.h>



// foo(
//     a : i32 @DRAM
// )
void foo( void *ctxt, int32_t* a ) {
*a += ((int32_t) 1);
*a += ((int32_t) 1);
for (int_fast32_t i = 0; i < 2; i++) {
  *a += ((int32_t) 1);
  *a += ((int32_t) 1);
}
}

