def foo(z : R[3]):
  z_1 =\d0 \phi(0 == d0 ? 1.0 : z[d0])
  for i in seq(0, 3):
    z_2 =\i \d0 \phi(i == 0 ? z_1[d0] : z_3[i - 1, d0]) # LoopStart
    z_3 =\i \d0 \phi(i == d0 ? 3.0 : z_2[i, d0])
------------------------ z_1 : (var d0)
                         │   d0 < 0 ⟨d0=-1⟩ z[d0]
                         │   -d0 = 0 ⟨d0=0⟩ 1.0
                         │   d0 > 0 ⟨d0=1⟩ z[d0]
                         z_2 : (var i, d0)
                         │   d0 < -1
                         │   │   i < d0 + 1 ⟨d0=-2, i=-2⟩ ⊥
                         │   │   -d0 + i - 1 = 0 ∨ i < 0 ∧ -d0 + i - 1 > 0 ⟨d0=-2, i=-1⟩ 3.0
                         │   │   i = 0 ∨ i > 1 ∨ i - 1 = 0 ∨ i > 0 ∧ i - 1 < 0 ⟨d0=-2, i=0⟩ z[d0]
                         │   d0 + 1 = 0
                         │   │   i < d0 + 1 ⟨d0=-1, i=-1⟩ ⊥
                         │   │   i > 1 ∨ i - 1 = 0 ∨ -d0 + i - 1 = 0 ∨ i - 1 < 0 ∧ -d0 + i - 1 > 0 ⟨d0=-1, i=0⟩ z[d0]
                         │   d0 < 0 ∧ d0 + 1 > 0
                         │   │   i < 0 ⟨d0=-1/2, i=-1⟩ ⊥
                         │   │   i = 0 ∨ i > 0 ∧ -d0 + i - 1 < 0 ⟨d0=-1/2, i=0⟩ z[d0]
                         │   │   -d0 + i - 1 = 0 ∨ i - 1 < 0 ∧ -d0 + i - 1 > 0 ⟨d0=-1/2, i=1/2⟩ 3.0
                         │   │   i > 1 ∨ i - 1 = 0 ⟨d0=-1/2, i=1⟩ z[d0]
                         │   d0 = 0
                         │   │   i < 0 ⟨d0=0, i=-1⟩ ⊥
                         │   │   i = 0 ∨ i > 0 ∧ -d0 + i - 1 < 0 ⟨d0=0, i=0⟩ 1.0
                         │   │   i > d0 + 1 ∨ -d0 + i - 1 = 0 ⟨d0=0, i=1⟩ 3.0
                         │   d0 > 0
                         │   │   i < 0 ⟨d0=1, i=-1⟩ ⊥
                         │   │   i = 0 ∨ i - 1 = 0 ∨ i > 0 ∧ i - 1 < 0 ∨ i - 1 > 0 ∧ -d0 + i - 1 < 0 ⟨d0=1, i=0⟩ z[d0]
                         │   │   i > d0 + 1 ∨ -d0 + i - 1 = 0 ⟨d0=1, i=2⟩ 3.0
                         z_3 : (var i, d0)
                         │   d0 < -1
                         │   │   i < d0 ⟨d0=-2, i=-3⟩ ⊥
                         │   │   -d0 + i = 0 ∨ -d0 + i - 1 = 0 ∨ i < 0 ∧ -d0 + i - 1 > 0 ∨ -d0 + i > 0 ∧ -d0 + i - 1 < 0 ⟨d0=-2, i=-2⟩ 3.0
                         │   │   i = 0 ∨ i > 1 ∨ i - 1 = 0 ∨ i > 0 ∧ i - 1 < 0 ⟨d0=-2, i=0⟩ z[d0]
                         │   -d0 - 1 = 0
                         │   │   i < d0 ⟨d0=-1, i=-2⟩ ⊥
                         │   │   -d0 + i = 0 ∨ i < 0 ∧ -d0 + i > 0 ⟨d0=-1, i=-1⟩ 3.0
                         │   │   i = 0 ∨ i > 1 ∨ i - 1 = 0 ∨ i > 0 ∧ i - 1 < 0 ⟨d0=-1, i=0⟩ z[d0]
                         │   d0 < 0 ∧ -d0 - 1 < 0
                         │   │   i < d0 ⟨d0=-1/2, i=-2⟩ ⊥
                         │   │   -d0 + i = 0 ∨ i < 0 ∧ -d0 + i > 0 ⟨d0=-1/2, i=-1/2⟩ 3.0
                         │   │   i = 0 ∨ i > 0 ∧ -d0 + i - 1 < 0 ⟨d0=-1/2, i=0⟩ z[d0]
                         │   │   -d0 + i - 1 = 0 ∨ i - 1 < 0 ∧ -d0 + i - 1 > 0 ⟨d0=-1/2, i=1/2⟩ 3.0
                         │   │   i > 1 ∨ i - 1 = 0 ⟨d0=-1/2, i=1⟩ z[d0]
                         │   d0 = 0
                         │   │   i < 0 ⟨d0=0, i=-1⟩ ⊥
                         │   │   i = 0 ∨ i > d0 + 1 ∨ -d0 + i - 1 = 0 ∨ i > 0 ∧ -d0 + i - 1 < 0 ⟨d0=0, i=0⟩ 3.0
                         │   d0 > 0 ∧ 1 - d0 > 0
                         │   │   i < 0 ⟨d0=1/2, i=-1⟩ ⊥
                         │   │   i = 0 ∨ i > 0 ∧ -d0 + i < 0 ⟨d0=1/2, i=0⟩ z[d0]
                         │   │   -d0 + i = 0 ∨ i - 1 < 0 ∧ -d0 + i > 0 ⟨d0=1/2, i=1/2⟩ 3.0
                         │   │   i - 1 = 0 ∨ i - 1 > 0 ∧ -d0 + i - 1 < 0 ⟨d0=1/2, i=1⟩ z[d0]
                         │   │   i > d0 + 1 ∨ -d0 + i - 1 = 0 ⟨d0=1/2, i=3/2⟩ 3.0
                         │   1 - d0 = 0
                         │   │   i < 0 ⟨d0=1, i=-1⟩ ⊥
                         │   │   i = 0 ∨ i > 0 ∧ i - 1 < 0 ⟨d0=1, i=0⟩ z[d0]
                         │   │   i - 1 = 0 ∨ i > d0 + 1 ∨ -d0 + i - 1 = 0 ∨ i - 1 > 0 ∧ -d0 + i - 1 < 0 ⟨d0=1, i=1⟩ 3.0
                         │   d0 > 1
                         │   │   i < 0 ⟨d0=2, i=-1⟩ ⊥
                         │   │   i = 0 ∨ i - 1 = 0 ∨ i > 0 ∧ i - 1 < 0 ∨ i - 1 > 0 ∧ -d0 + i < 0 ⟨d0=2, i=0⟩ z[d0]
                         │   │   i > d0 + 1 ∨ -d0 + i = 0 ∨ -d0 + i - 1 = 0 ∨ -d0 + i > 0 ∧ -d0 + i - 1 < 0 ⟨d0=2, i=2⟩ 3.0
  z_4 =\d0 \phi(3 > 0 ? z_3[3 - 1, d0] : z_1[d0]) # LoopExit
  z_5 =\d0 \phi(2 == d0 ? 2.0 : z_4[d0])
------------------------ z_1 : (var d0)
                         │   d0 < 0 ⟨d0=-1⟩ z[d0]
                         │   -d0 = 0 ⟨d0=0⟩ 1.0
                         │   d0 > 0 ⟨d0=1⟩ z[d0]
                         z_2 : (var i, d0)
                         │   d0 < -1
                         │   │   i < d0 + 1 ⟨d0=-2, i=-2⟩ ⊥
                         │   │   -d0 + i - 1 = 0 ∨ i < 0 ∧ -d0 + i - 1 > 0 ⟨d0=-2, i=-1⟩ 3.0
                         │   │   i = 0 ∨ i > 1 ∨ i - 1 = 0 ∨ i > 0 ∧ i - 1 < 0 ⟨d0=-2, i=0⟩ z[d0]
                         │   d0 + 1 = 0
                         │   │   i < d0 + 1 ⟨d0=-1, i=-1⟩ ⊥
                         │   │   i > 1 ∨ i - 1 = 0 ∨ -d0 + i - 1 = 0 ∨ i - 1 < 0 ∧ -d0 + i - 1 > 0 ⟨d0=-1, i=0⟩ z[d0]
                         │   d0 < 0 ∧ d0 + 1 > 0
                         │   │   i < 0 ⟨d0=-1/2, i=-1⟩ ⊥
                         │   │   i = 0 ∨ i > 0 ∧ -d0 + i - 1 < 0 ⟨d0=-1/2, i=0⟩ z[d0]
                         │   │   -d0 + i - 1 = 0 ∨ i - 1 < 0 ∧ -d0 + i - 1 > 0 ⟨d0=-1/2, i=1/2⟩ 3.0
                         │   │   i > 1 ∨ i - 1 = 0 ⟨d0=-1/2, i=1⟩ z[d0]
                         │   d0 = 0
                         │   │   i < 0 ⟨d0=0, i=-1⟩ ⊥
                         │   │   i = 0 ∨ i > 0 ∧ -d0 + i - 1 < 0 ⟨d0=0, i=0⟩ 1.0
                         │   │   i > d0 + 1 ∨ -d0 + i - 1 = 0 ⟨d0=0, i=1⟩ 3.0
                         │   d0 > 0
                         │   │   i < 0 ⟨d0=1, i=-1⟩ ⊥
                         │   │   i = 0 ∨ i - 1 = 0 ∨ i > 0 ∧ i - 1 < 0 ∨ i - 1 > 0 ∧ -d0 + i - 1 < 0 ⟨d0=1, i=0⟩ z[d0]
                         │   │   i > d0 + 1 ∨ -d0 + i - 1 = 0 ⟨d0=1, i=2⟩ 3.0
                         z_3 : (var i, d0)
                         │   d0 < -1
                         │   │   i < d0 ⟨d0=-2, i=-3⟩ ⊥
                         │   │   -d0 + i = 0 ∨ -d0 + i - 1 = 0 ∨ i < 0 ∧ -d0 + i - 1 > 0 ∨ -d0 + i > 0 ∧ -d0 + i - 1 < 0 ⟨d0=-2, i=-2⟩ 3.0
                         │   │   i = 0 ∨ i > 1 ∨ i - 1 = 0 ∨ i > 0 ∧ i - 1 < 0 ⟨d0=-2, i=0⟩ z[d0]
                         │   -d0 - 1 = 0
                         │   │   i < d0 ⟨d0=-1, i=-2⟩ ⊥
                         │   │   -d0 + i = 0 ∨ i < 0 ∧ -d0 + i > 0 ⟨d0=-1, i=-1⟩ 3.0
                         │   │   i = 0 ∨ i > 1 ∨ i - 1 = 0 ∨ i > 0 ∧ i - 1 < 0 ⟨d0=-1, i=0⟩ z[d0]
                         │   d0 < 0 ∧ -d0 - 1 < 0
                         │   │   i < d0 ⟨d0=-1/2, i=-2⟩ ⊥
                         │   │   -d0 + i = 0 ∨ i < 0 ∧ -d0 + i > 0 ⟨d0=-1/2, i=-1/2⟩ 3.0
                         │   │   i = 0 ∨ i > 0 ∧ -d0 + i - 1 < 0 ⟨d0=-1/2, i=0⟩ z[d0]
                         │   │   -d0 + i - 1 = 0 ∨ i - 1 < 0 ∧ -d0 + i - 1 > 0 ⟨d0=-1/2, i=1/2⟩ 3.0
                         │   │   i > 1 ∨ i - 1 = 0 ⟨d0=-1/2, i=1⟩ z[d0]
                         │   d0 = 0
                         │   │   i < 0 ⟨d0=0, i=-1⟩ ⊥
                         │   │   i = 0 ∨ i > d0 + 1 ∨ -d0 + i - 1 = 0 ∨ i > 0 ∧ -d0 + i - 1 < 0 ⟨d0=0, i=0⟩ 3.0
                         │   d0 > 0 ∧ 1 - d0 > 0
                         │   │   i < 0 ⟨d0=1/2, i=-1⟩ ⊥
                         │   │   i = 0 ∨ i > 0 ∧ -d0 + i < 0 ⟨d0=1/2, i=0⟩ z[d0]
                         │   │   -d0 + i = 0 ∨ i - 1 < 0 ∧ -d0 + i > 0 ⟨d0=1/2, i=1/2⟩ 3.0
                         │   │   i - 1 = 0 ∨ i - 1 > 0 ∧ -d0 + i - 1 < 0 ⟨d0=1/2, i=1⟩ z[d0]
                         │   │   i > d0 + 1 ∨ -d0 + i - 1 = 0 ⟨d0=1/2, i=3/2⟩ 3.0
                         │   1 - d0 = 0
                         │   │   i < 0 ⟨d0=1, i=-1⟩ ⊥
                         │   │   i = 0 ∨ i > 0 ∧ i - 1 < 0 ⟨d0=1, i=0⟩ z[d0]
                         │   │   i - 1 = 0 ∨ i > d0 + 1 ∨ -d0 + i - 1 = 0 ∨ i - 1 > 0 ∧ -d0 + i - 1 < 0 ⟨d0=1, i=1⟩ 3.0
                         │   d0 > 1
                         │   │   i < 0 ⟨d0=2, i=-1⟩ ⊥
                         │   │   i = 0 ∨ i - 1 = 0 ∨ i > 0 ∧ i - 1 < 0 ∨ i - 1 > 0 ∧ -d0 + i < 0 ⟨d0=2, i=0⟩ z[d0]
                         │   │   i > d0 + 1 ∨ -d0 + i = 0 ∨ -d0 + i - 1 = 0 ∨ -d0 + i > 0 ∧ -d0 + i - 1 < 0 ⟨d0=2, i=2⟩ 3.0
                         z_4 : (var d0)
                         │   d0 < 0 ⟨d0=-1⟩ z[d0]
                         │   -d0 = 0 ⟨d0=0⟩ 3.0
                         │   -d0 < 0 ∧ 1 - d0 > 0 ⟨d0=1/2⟩ 3.0
                         │   1 - d0 = 0 ⟨d0=1⟩ 3.0
                         │   2 - d0 > 0 ∧ 1 - d0 < 0 ⟨d0=3/2⟩ 3.0
                         │   2 - d0 = 0 ⟨d0=2⟩ 3.0
                         │   d0 > 2 ⟨d0=3⟩ z[d0]
                         z_5 : (var d0)
                         │   d0 < 0 ⟨d0=-1⟩ z[d0]
                         │   -d0 = 0 ⟨d0=0⟩ 3.0
                         │   -d0 < 0 ∧ 1 - d0 > 0 ⟨d0=1/2⟩ 3.0
                         │   1 - d0 = 0 ⟨d0=1⟩ 3.0
                         │   2 - d0 > 0 ∧ 1 - d0 < 0 ⟨d0=3/2⟩ 3.0
                         │   2 - d0 = 0 ⟨d0=2⟩ 2.0
                         │   d0 > 2 ⟨d0=3⟩ z[d0]