def foo(n : size, dst : f32[n]):
  for i in seq(0, n):
    dst_1 =\i \d0 \phi(i == 0 ? dst[d0] : dst_2[i - 1, d0]) # LoopStart
    dst_2 =\i \d0 \phi(i == d0 ? 0.0 : dst_1[i, d0])
  dst_3 =\d0 \phi(n > 0 ? dst_2[n - 1, d0] : dst[d0]) # LoopExit
------------------------ dst_1 : (var i, d0)
                         │   d0 < -1
                         │   │   i < d0 + 1 ⟨d0=-2, i=-2⟩ ⊥
                         │   │   d0 - i + 1 = 0 ∨ i < 0 ∧ d0 - i + 1 < 0 ⟨d0=-2, i=-1⟩ 0.0
                         │   │   i = 0 ∨ i > 1 ∨ i - 1 = 0 ∨ i > 0 ∧ i - 1 < 0 ⟨d0=-2, i=0⟩ dst[d0]
                         │   d0 + 1 = 0
                         │   │   i < 0 ⟨d0=-1, i=-1⟩ ⊥
                         │   │   i = 0 ∨ i > 1 ∨ i - 1 = 0 ∨ i > 0 ∧ i - 1 < 0 ⟨d0=-1, i=0⟩ dst[d0]
                         │   d0 < 0 ∧ d0 + 1 > 0
                         │   │   i < 0 ⟨d0=-1/2, i=-1⟩ ⊥
                         │   │   i = 0 ∨ i > 0 ∧ d0 - i + 1 > 0 ⟨d0=-1/2, i=0⟩ dst[d0]
                         │   │   d0 - i + 1 = 0 ∨ i - 1 < 0 ∧ d0 - i + 1 < 0 ⟨d0=-1/2, i=1/2⟩ 0.0
                         │   │   i > 1 ∨ i - 1 = 0 ⟨d0=-1/2, i=1⟩ dst[d0]
                         │   d0 = 0
                         │   │   i < 0 ⟨d0=0, i=-1⟩ ⊥
                         │   │   i = 0 ∨ i > 0 ∧ i - 1 < 0 ⟨d0=0, i=0⟩ dst[d0]
                         │   │   i > 1 ∨ i - 1 = 0 ⟨d0=0, i=1⟩ 0.0
                         │   d0 > 0
                         │   │   i < 0 ⟨d0=1, i=-1⟩ ⊥
                         │   │   i = 0 ∨ i - 1 = 0 ∨ i > 0 ∧ i - 1 < 0 ∨ i - 1 > 0 ∧ d0 - i + 1 > 0 ⟨d0=1, i=0⟩ dst[d0]
                         │   │   i > d0 + 1 ∨ d0 - i + 1 = 0 ⟨d0=1, i=2⟩ 0.0
                         dst_2 : (var i, d0)
                         │   d0 < -1
                         │   │   d0 > i ⟨d0=-2, i=-3⟩ ⊥
                         │   │   d0 - i = 0 ∨ d0 - i + 1 = 0 ∨ i < 0 ∧ d0 - i + 1 < 0 ∨ d0 - i < 0 ∧ d0 - i + 1 > 0 ⟨d0=-2, i=-2⟩ 0.0
                         │   │   i = 0 ∨ i > 1 ∨ i - 1 = 0 ∨ i > 0 ∧ i - 1 < 0 ⟨d0=-2, i=0⟩ dst[d0]
                         │   d0 + 1 = 0
                         │   │   d0 > i ⟨d0=-1, i=-2⟩ ⊥
                         │   │   d0 - i = 0 ∨ i < 0 ∧ d0 - i < 0 ⟨d0=-1, i=-1⟩ 0.0
                         │   │   i = 0 ∨ i > 1 ∨ i - 1 = 0 ∨ i > 0 ∧ i - 1 < 0 ⟨d0=-1, i=0⟩ dst[d0]
                         │   d0 < 0 ∧ d0 + 1 > 0
                         │   │   d0 > i ⟨d0=-1/2, i=-2⟩ ⊥
                         │   │   d0 - i = 0 ∨ i < 0 ∧ d0 - i < 0 ⟨d0=-1/2, i=-1/2⟩ 0.0
                         │   │   i = 0 ∨ i > 0 ∧ d0 - i + 1 > 0 ⟨d0=-1/2, i=0⟩ dst[d0]
                         │   │   d0 - i + 1 = 0 ∨ i - 1 < 0 ∧ d0 - i + 1 < 0 ⟨d0=-1/2, i=1/2⟩ 0.0
                         │   │   i > 1 ∨ i - 1 = 0 ⟨d0=-1/2, i=1⟩ dst[d0]
                         │   d0 = 0
                         │   │   i < 0 ⟨d0=0, i=-1⟩ ⊥
                         │   │   i = 0 ∨ i > 1 ∨ i - 1 = 0 ∨ i > 0 ∧ i - 1 < 0 ⟨d0=0, i=0⟩ 0.0
                         │   d0 > 0 ∧ d0 - 1 < 0
                         │   │   i < 0 ⟨d0=1/2, i=-1⟩ ⊥
                         │   │   i = 0 ∨ i > 0 ∧ d0 - i > 0 ⟨d0=1/2, i=0⟩ dst[d0]
                         │   │   d0 - i = 0 ∨ i - 1 < 0 ∧ d0 - i < 0 ⟨d0=1/2, i=1/2⟩ 0.0
                         │   │   i - 1 = 0 ∨ i - 1 > 0 ∧ d0 - i + 1 > 0 ⟨d0=1/2, i=1⟩ dst[d0]
                         │   │   i > d0 + 1 ∨ d0 - i + 1 = 0 ⟨d0=1/2, i=3/2⟩ 0.0
                         │   d0 - 1 = 0
                         │   │   i < 0 ⟨d0=1, i=-1⟩ ⊥
                         │   │   i = 0 ∨ i > 0 ∧ d0 - i > 0 ⟨d0=1, i=0⟩ dst[d0]
                         │   │   i > d0 + 1 ∨ d0 - i = 0 ∨ d0 - i + 1 = 0 ∨ d0 - i < 0 ∧ d0 - i + 1 > 0 ⟨d0=1, i=1⟩ 0.0
                         │   d0 > 1
                         │   │   i < 0 ⟨d0=2, i=-1⟩ ⊥
                         │   │   i = 0 ∨ i - 1 = 0 ∨ i > 0 ∧ i - 1 < 0 ∨ i - 1 > 0 ∧ d0 - i > 0 ⟨d0=2, i=0⟩ dst[d0]
                         │   │   i > d0 + 1 ∨ d0 - i = 0 ∨ d0 - i + 1 = 0 ∨ d0 - i < 0 ∧ d0 - i + 1 > 0 ⟨d0=2, i=2⟩ 0.0
                         dst_3 : (var d0, n)
                         │   n < 0
                         │   │   d0 < n - 2 ⟨n=-1, d0=-4⟩ dst[d0]
                         │   │   d0 - n + 2 = 0 ⟨n=-1, d0=-3⟩ dst[d0]
                         │   │   d0 - n + 2 > 0 ∧ d0 - n + 1 < 0 ⟨n=-1, d0=-5/2⟩ dst[d0]
                         │   │   d0 - n + 1 = 0 ⟨n=-1, d0=-2⟩ dst[d0]
                         │   │   d0 > n - 1 ⟨n=-1, d0=0⟩ dst[d0]
                         │   n = 0
                         │   │   d0 < n - 2 ⟨n=0, d0=-3⟩ dst[d0]
                         │   │   d0 - n + 2 = 0 ⟨n=0, d0=-2⟩ dst[d0]
                         │   │   d0 - n + 2 > 0 ∧ d0 - n + 1 < 0 ⟨n=0, d0=-3/2⟩ dst[d0]
                         │   │   d0 - n + 1 = 0 ⟨n=0, d0=-1⟩ dst[d0]
                         │   │   d0 > n - 1 ⟨n=0, d0=0⟩ dst[d0]
                         │   n > 0 ∧ n - 1 < 0
                         │   │   d0 < n - 2 ⟨n=1/2, d0=-3⟩ 0.0
                         │   │   d0 - n + 2 = 0 ⟨n=1/2, d0=-3/2⟩ 0.0
                         │   │   d0 - n + 2 > 0 ∧ d0 - n + 1 < 0 ⟨n=1/2, d0=-1⟩ 0.0
                         │   │   d0 - n + 1 = 0 ⟨n=1/2, d0=-1/2⟩ 0.0
                         │   │   d0 > n - 1 ⟨n=1/2, d0=0⟩ ⊥
                         │   n - 1 = 0
                         │   │   d0 < n - 2 ⟨n=1, d0=-2⟩ dst[d0]
                         │   │   d0 - n + 2 = 0 ⟨n=1, d0=-1⟩ dst[d0]
                         │   │   d0 - n + 2 > 0 ∧ d0 - n + 1 < 0 ⟨n=1, d0=-1/2⟩ dst[d0]
                         │   │   d0 - n + 1 = 0 ⟨n=1, d0=0⟩ 0.0
                         │   │   d0 > n - 1 ⟨n=1, d0=1⟩ dst[d0]
                         │   n - 1 > 0 ∧ n - 2 < 0
                         │   │   d0 < n - 2 ⟨n=3/2, d0=-2⟩ dst[d0]
                         │   │   d0 - n + 2 = 0 ⟨n=3/2, d0=-1/2⟩ 0.0
                         │   │   d0 - n + 2 > 0 ∧ d0 - n + 1 < 0 ⟨n=3/2, d0=0⟩ 0.0
                         │   │   d0 - n + 1 = 0 ⟨n=3/2, d0=1/2⟩ 0.0
                         │   │   d0 > n - 1 ⟨n=3/2, d0=2⟩ dst[d0]
                         │   n - 2 = 0
                         │   │   d0 < n - 2 ⟨n=2, d0=-1⟩ dst[d0]
                         │   │   d0 - n + 2 = 0 ⟨n=2, d0=0⟩ 0.0
                         │   │   d0 - n + 2 > 0 ∧ d0 - n + 1 < 0 ⟨n=2, d0=1/2⟩ dst[d0]
                         │   │   d0 - n + 1 = 0 ⟨n=2, d0=1⟩ 0.0
                         │   │   d0 > n - 1 ⟨n=2, d0=2⟩ dst[d0]
                         │   n > 2
                         │   │   d0 < n - 2 ⟨n=3, d0=0⟩ 0.0
                         │   │   d0 - n + 2 = 0 ⟨n=3, d0=1⟩ 0.0
                         │   │   d0 - n + 2 > 0 ∧ d0 - n + 1 < 0 ⟨n=3, d0=3/2⟩ 0.0
                         │   │   d0 - n + 1 = 0 ⟨n=3, d0=2⟩ 0.0
                         │   │   d0 > n - 1 ⟨n=3, d0=3⟩ dst[d0]