def foo1(n : size, dst : f32[n]):
  for i in seq(0, n):
    dst_1 =\i \d0 \phi(i == 0 ? dst[d0] : dst_2[i - 1, d0]) # LoopStart
    dst_2 =\i \d0 \phi(i == d0 ? 0.0 : dst_1[i, d0])
------------------------ dst_1 : \i. \d0
                             - (i-0)
                                   - ((i-1)-d0)
                                              - ((i-1)-0)
                                                        - ⊤
                                                        - dst[d0]
                                                        - ⊤
                                              - 0.0
                                              - ((i-1)-0)
                                                        - ⊤
                                                        - dst[d0]
                                                        - ⊤
                                   - dst[d0]
                                   - ((i-1)-d0)
                                              - ((i-1)-0)
                                                        - ⊤
                                                        - dst[d0]
                                                        - ⊤
                                              - 0.0
                                              - ((i-1)-0)
                                                        - ⊤
                                                        - dst[d0]
                                                        - ⊤
                         dst_2 : \i. \d0
                             - (i-d0)
                                    - (i-0)
                                          - ((i-1)-d0)
                                                     - ((i-1)-0)
                                                               - ⊤
                                                               - dst[d0]
                                                               - ⊤
                                                     - 0.0
                                                     - ((i-1)-0)
                                                               - ⊤
                                                               - dst[d0]
                                                               - ⊤
                                          - dst[d0]
                                          - ((i-1)-d0)
                                                     - ((i-1)-0)
                                                               - ⊤
                                                               - dst[d0]
                                                               - ⊤
                                                     - 0.0
                                                     - ((i-1)-0)
                                                               - ⊤
                                                               - dst[d0]
                                                               - ⊤
                                    - 0.0
                                    - (i-0)
                                          - ((i-1)-d0)
                                                     - ((i-1)-0)
                                                               - ⊤
                                                               - dst[d0]
                                                               - ⊤
                                                     - 0.0
                                                     - ((i-1)-0)
                                                               - ⊤
                                                               - dst[d0]
                                                               - ⊤
                                          - dst[d0]
                                          - ((i-1)-d0)
                                                     - ((i-1)-0)
                                                               - ⊤
                                                               - dst[d0]
                                                               - ⊤
                                                     - 0.0
                                                     - ((i-1)-0)
                                                               - ⊤
                                                               - dst[d0]
                                                               - ⊤
  dst_3 =\d0 \phi(n > 0 ? dst_2[n - 1, d0] : dst[d0]) # LoopExit
------------------------ dst_1 : \i. \d0
                             - (i-0)
                                   - ⊤
                                   - dst[d0]
                                   - ⊤
                         dst_2 : \i. \d0
                             - (i-d0)
                                    - (i-0)
                                          - ⊤
                                          - dst[d0]
                                          - ⊤
                                    - 0.0
                                    - (i-0)
                                          - ⊤
                                          - dst[d0]
                                          - ⊤
                         dst_3 : \d0
                             - (n-0)
                                   - dst[d0]
                                   - dst[d0]
                                   - ((n-1)-d0)
                                              - ((n-1)-0)
                                                        - ⊤
                                                        - dst[d0]
                                                        - ⊤
                                              - 0.0
                                              - ((n-1)-0)
                                                        - ⊤
                                                        - dst[d0]
                                                        - ⊤def foo2(n : size, dst : f32[n], src : f32[n]):
  for i in seq(0, n):
    dst_1 =\i \d0 \phi(i == 0 ? dst[d0] : dst_2[i - 1, d0]) # LoopStart
    src_1 =\i \d0_1 \phi(i == 0 ? src[d0_1] : src_1[i - 1, d0_1]) # LoopStart
    dst_2 =\i \d0 \phi(i == d0 ? src_1[i, i] : dst_1[i, d0])
------------------------ dst_1 : \i. \d0
                             - (i-0)
                                   - ((i-1)-d0)
                                              - ((i-1)-0)
                                                        - ⊤
                                                        - dst[d0]
                                                        - ⊤
                                              - ((i-1)-0)
                                                        - ⊤
                                                        - src[(i-1)]
                                                        - ⊤
                                              - ((i-1)-0)
                                                        - ⊤
                                                        - dst[d0]
                                                        - ⊤
                                   - dst[d0]
                                   - ((i-1)-d0)
                                              - ((i-1)-0)
                                                        - ⊤
                                                        - dst[d0]
                                                        - ⊤
                                              - ((i-1)-0)
                                                        - ⊤
                                                        - src[(i-1)]
                                                        - ⊤
                                              - ((i-1)-0)
                                                        - ⊤
                                                        - dst[d0]
                                                        - ⊤
                         src_1 : \i. \d0_1
                             - (i-0)
                                   - ((i-1)-0)
                                             - ⊤
                                             - src[d0_1]
                                             - ⊤
                                   - src[d0_1]
                                   - ((i-1)-0)
                                             - ⊤
                                             - src[d0_1]
                                             - ⊤
                         dst_2 : \i. \d0
                             - (i-d0)
                                    - (i-0)
                                          - ((i-1)-d0)
                                                     - ((i-1)-0)
                                                               - ⊤
                                                               - dst[d0]
                                                               - ⊤
                                                     - ((i-1)-0)
                                                               - ⊤
                                                               - src[(i-1)]
                                                               - ⊤
                                                     - ((i-1)-0)
                                                               - ⊤
                                                               - dst[d0]
                                                               - ⊤
                                          - dst[d0]
                                          - ((i-1)-d0)
                                                     - ((i-1)-0)
                                                               - ⊤
                                                               - dst[d0]
                                                               - ⊤
                                                     - ((i-1)-0)
                                                               - ⊤
                                                               - src[(i-1)]
                                                               - ⊤
                                                     - ((i-1)-0)
                                                               - ⊤
                                                               - dst[d0]
                                                               - ⊤
                                    - (i-0)
                                          - ((i-1)-0)
                                                    - ⊤
                                                    - src[i]
                                                    - ⊤
                                          - src[i]
                                          - ((i-1)-0)
                                                    - ⊤
                                                    - src[i]
                                                    - ⊤
                                    - (i-0)
                                          - ((i-1)-d0)
                                                     - ((i-1)-0)
                                                               - ⊤
                                                               - dst[d0]
                                                               - ⊤
                                                     - ((i-1)-0)
                                                               - ⊤
                                                               - src[(i-1)]
                                                               - ⊤
                                                     - ((i-1)-0)
                                                               - ⊤
                                                               - dst[d0]
                                                               - ⊤
                                          - dst[d0]
                                          - ((i-1)-d0)
                                                     - ((i-1)-0)
                                                               - ⊤
                                                               - dst[d0]
                                                               - ⊤
                                                     - ((i-1)-0)
                                                               - ⊤
                                                               - src[(i-1)]
                                                               - ⊤
                                                     - ((i-1)-0)
                                                               - ⊤
                                                               - dst[d0]
                                                               - ⊤
  dst_3 =\d0 \phi(n > 0 ? dst_2[n - 1, d0] : dst[d0]) # LoopExit
  src_2 =\d0_1 \phi(n > 0 ? src_1[n - 1, d0_1] : src[d0_1]) # LoopExit
------------------------ dst_1 : \i. \d0
                             - (i-0)
                                   - ⊤
                                   - dst[d0]
                                   - ⊤
                         src_1 : \i. \d0_1
                             - (i-0)
                                   - ⊤
                                   - src[d0_1]
                                   - ⊤
                         dst_2 : \i. \d0
                             - (i-d0)
                                    - (i-0)
                                          - ⊤
                                          - dst[d0]
                                          - ⊤
                                    - (i-0)
                                          - ⊤
                                          - src[i]
                                          - ⊤
                                    - (i-0)
                                          - ⊤
                                          - dst[d0]
                                          - ⊤
                         dst_3 : \d0
                             - (n-0)
                                   - dst[d0]
                                   - dst[d0]
                                   - ((n-1)-d0)
                                              - ((n-1)-0)
                                                        - ⊤
                                                        - dst[d0]
                                                        - ⊤
                                              - ((n-1)-0)
                                                        - ⊤
                                                        - src[(n-1)]
                                                        - ⊤
                                              - ((n-1)-0)
                                                        - ⊤
                                                        - dst[d0]
                                                        - ⊤
                         src_2 : \d0_1
                             - (n-0)
                                   - src[d0_1]
                                   - src[d0_1]
                                   - ((n-1)-0)
                                             - ⊤
                                             - src[d0_1]
                                             - ⊤