def foo(n : size, dst : f32[n], src : f32[n]):
  for i in seq(0, n):
    dst_1 =\i \d0 \phi(i == 0 ? dst[d0] : dst_2[i - 1, d0]) # LoopStart
    src_1 =\i \d0_1 \phi(i == 0 ? src[d0_1] : src_1[i - 1, d0_1]) # LoopStart
    dst_2 =\i \d0 \phi(i == d0 ? src_1[i, i] : dst_1[i, d0])
  dst_3 =\d0 \phi(n > 0 ? dst_2[n - 1, d0] : dst[d0]) # LoopExit
  src_2 =\d0_1 \phi(n > 0 ? src_1[n - 1, d0_1] : src[d0_1]) # LoopExit
------------------------ dst_1 : (var i, d0)
                         │   d0 < -3
                         │   │   i < d0 + 1 ⟨d0=-4, i=-4⟩ ⊥
                         │   │   d0 - i + 1 = 0 ∨ d0 - i + 2 = 0 ∨ d0 - i + 3 = 0 ∨ i < 0 ∧ d0 - i + 3 < 0 ∨ d0 - i + 2 > 0 ∧ d0 - i + 1 < 0 ∨ d0 - i + 3 > 0 ∧ d0 - i + 2 < 0 ⟨d0=-4, i=-3⟩ ⊥
                         │   │   i = 0 ∨ i > 3 ∨ i - 3 = 0 ∨ i - 2 = 0 ∨ i - 1 = 0 ∨ i > 0 ∧ i - 1 < 0 ∨ i - 2 > 0 ∧ i - 3 < 0 ∨ i - 1 > 0 ∧ i - 2 < 0 ⟨d0=-4, i=0⟩ dst[d0]
                         │   d0 + 3 = 0
                         │   │   i < d0 + 1 ⟨d0=-3, i=-3⟩ ⊥
                         │   │   d0 - i + 1 = 0 ∨ d0 - i + 2 = 0 ∨ d0 - i + 2 > 0 ∧ d0 - i + 1 < 0 ∨ d0 - i + 3 > 0 ∧ d0 - i + 2 < 0 ⟨d0=-3, i=-2⟩ ⊥
                         │   │   i > 3 ∨ i - 3 = 0 ∨ i - 2 = 0 ∨ i - 1 = 0 ∨ d0 - i + 3 = 0 ∨ i - 2 > 0 ∧ i - 3 < 0 ∨ i - 1 > 0 ∧ i - 2 < 0 ∨ i - 1 < 0 ∧ d0 - i + 3 < 0 ⟨d0=-3, i=0⟩ dst[d0]
                         │   d0 + 3 > 0 ∧ d0 + 2 < 0
                         │   │   i < d0 + 1 ⟨d0=-5/2, i=-3⟩ ⊥
                         │   │   d0 - i + 1 = 0 ∨ d0 - i + 2 = 0 ∨ i < 0 ∧ d0 - i + 2 < 0 ∨ d0 - i + 2 > 0 ∧ d0 - i + 1 < 0 ⟨d0=-5/2, i=-3/2⟩ ⊥
                         │   │   i = 0 ∨ i > 0 ∧ d0 - i + 3 > 0 ⟨d0=-5/2, i=0⟩ dst[d0]
                         │   │   d0 - i + 3 = 0 ∨ i - 1 < 0 ∧ d0 - i + 3 < 0 ⟨d0=-5/2, i=1/2⟩ ⊥
                         │   │   i > 3 ∨ i - 3 = 0 ∨ i - 2 = 0 ∨ i - 1 = 0 ∨ i - 2 > 0 ∧ i - 3 < 0 ∨ i - 1 > 0 ∧ i - 2 < 0 ⟨d0=-5/2, i=1⟩ dst[d0]
                         │   d0 + 2 = 0
                         │   │   i < d0 + 1 ⟨d0=-2, i=-2⟩ ⊥
                         │   │   d0 - i + 1 = 0 ∨ d0 - i + 2 > 0 ∧ d0 - i + 1 < 0 ⟨d0=-2, i=-1⟩ ⊥
                         │   │   i > 3 ∨ i - 3 = 0 ∨ i - 2 = 0 ∨ d0 - i + 2 = 0 ∨ d0 - i + 3 = 0 ∨ i - 2 > 0 ∧ i - 3 < 0 ∨ i - 2 < 0 ∧ d0 - i + 3 < 0 ∨ d0 - i + 3 > 0 ∧ d0 - i + 2 < 0 ⟨d0=-2, i=0⟩ dst[d0]
                         │   d0 + 2 > 0 ∧ d0 + 1 < 0
                         │   │   i < d0 + 1 ⟨d0=-3/2, i=-2⟩ ⊥
                         │   │   d0 - i + 1 = 0 ∨ i < 0 ∧ d0 - i + 1 < 0 ⟨d0=-3/2, i=-1/2⟩ ⊥
                         │   │   i = 0 ∨ i > 0 ∧ d0 - i + 2 > 0 ⟨d0=-3/2, i=0⟩ dst[d0]
                         │   │   d0 - i + 2 = 0 ∨ i - 1 < 0 ∧ d0 - i + 2 < 0 ⟨d0=-3/2, i=1/2⟩ ⊥
                         │   │   i - 1 = 0 ∨ i - 1 > 0 ∧ d0 - i + 3 > 0 ⟨d0=-3/2, i=1⟩ dst[d0]
                         │   │   d0 - i + 3 = 0 ∨ i - 2 < 0 ∧ d0 - i + 3 < 0 ⟨d0=-3/2, i=3/2⟩ ⊥
                         │   │   i > 3 ∨ i - 3 = 0 ∨ i - 2 = 0 ∨ i - 2 > 0 ∧ i - 3 < 0 ⟨d0=-3/2, i=2⟩ dst[d0]
                         │   d0 + 1 = 0
                         │   │   i < d0 + 1 ⟨d0=-1, i=-1⟩ ⊥
                         │   │   i > 3 ∨ i - 3 = 0 ∨ d0 - i + 1 = 0 ∨ d0 - i + 2 = 0 ∨ d0 - i + 3 = 0 ∨ i - 3 < 0 ∧ d0 - i + 3 < 0 ∨ d0 - i + 2 > 0 ∧ d0 - i + 1 < 0 ∨ d0 - i + 3 > 0 ∧ d0 - i + 2 < 0 ⟨d0=-1, i=0⟩ dst[d0]
                         │   d0 < 0 ∧ d0 + 1 > 0
                         │   │   i < 0 ⟨d0=-1/2, i=-1⟩ ⊥
                         │   │   i = 0 ∨ i > 0 ∧ d0 - i + 1 > 0 ⟨d0=-1/2, i=0⟩ dst[d0]
                         │   │   d0 - i + 1 = 0 ∨ i - 1 < 0 ∧ d0 - i + 1 < 0 ⟨d0=-1/2, i=1/2⟩ ⊥
                         │   │   i - 1 = 0 ∨ i - 1 > 0 ∧ d0 - i + 2 > 0 ⟨d0=-1/2, i=1⟩ dst[d0]
                         │   │   d0 - i + 2 = 0 ∨ i - 2 < 0 ∧ d0 - i + 2 < 0 ⟨d0=-1/2, i=3/2⟩ ⊥
                         │   │   i - 2 = 0 ∨ i - 2 > 0 ∧ d0 - i + 3 > 0 ⟨d0=-1/2, i=2⟩ dst[d0]
                         │   │   d0 - i + 3 = 0 ∨ i - 3 < 0 ∧ d0 - i + 3 < 0 ⟨d0=-1/2, i=5/2⟩ ⊥
                         │   │   i > 3 ∨ i - 3 = 0 ⟨d0=-1/2, i=3⟩ dst[d0]
                         │   d0 = 0
                         │   │   i < 0 ⟨d0=0, i=-1⟩ ⊥
                         │   │   i = 0 ∨ i > 0 ∧ d0 - i + 1 > 0 ⟨d0=0, i=0⟩ dst[d0]
                         │   │   i > d0 + 3 ∨ d0 - i + 1 = 0 ∨ d0 - i + 2 = 0 ∨ d0 - i + 3 = 0 ∨ d0 - i + 2 > 0 ∧ d0 - i + 1 < 0 ∨ d0 - i + 3 > 0 ∧ d0 - i + 2 < 0 ⟨d0=0, i=1⟩ src[d0]
                         │   d0 > 0 ∧ d0 - 1 < 0
                         │   │   i < 0 ⟨d0=1/2, i=-1⟩ ⊥
                         │   │   i = 0 ∨ i - 1 = 0 ∨ i > 0 ∧ i - 1 < 0 ∨ i - 1 > 0 ∧ d0 - i + 1 > 0 ⟨d0=1/2, i=0⟩ dst[d0]
                         │   │   d0 - i + 1 = 0 ∨ i - 2 < 0 ∧ d0 - i + 1 < 0 ⟨d0=1/2, i=3/2⟩ ⊥
                         │   │   i - 2 = 0 ∨ i - 2 > 0 ∧ d0 - i + 2 > 0 ⟨d0=1/2, i=2⟩ dst[d0]
                         │   │   d0 - i + 2 = 0 ∨ i - 3 < 0 ∧ d0 - i + 2 < 0 ⟨d0=1/2, i=5/2⟩ ⊥
                         │   │   i - 3 = 0 ∨ i - 3 > 0 ∧ d0 - i + 3 > 0 ⟨d0=1/2, i=3⟩ dst[d0]
                         │   │   i > d0 + 3 ∨ d0 - i + 3 = 0 ⟨d0=1/2, i=7/2⟩ ⊥
                         │   d0 - 1 = 0
                         │   │   i < 0 ⟨d0=1, i=-1⟩ ⊥
                         │   │   i = 0 ∨ i - 1 = 0 ∨ i > 0 ∧ i - 1 < 0 ∨ i - 1 > 0 ∧ d0 - i + 1 > 0 ⟨d0=1, i=0⟩ dst[d0]
                         │   │   i > d0 + 3 ∨ d0 - i + 1 = 0 ∨ d0 - i + 2 = 0 ∨ d0 - i + 3 = 0 ∨ d0 - i + 2 > 0 ∧ d0 - i + 1 < 0 ∨ d0 - i + 3 > 0 ∧ d0 - i + 2 < 0 ⟨d0=1, i=2⟩ src[d0]
                         │   d0 - 1 > 0 ∧ d0 - 2 < 0
                         │   │   i < 0 ⟨d0=3/2, i=-1⟩ ⊥
                         │   │   i = 0 ∨ i - 2 = 0 ∨ i - 1 = 0 ∨ i > 0 ∧ i - 1 < 0 ∨ i - 1 > 0 ∧ i - 2 < 0 ∨ i - 2 > 0 ∧ d0 - i + 1 > 0 ⟨d0=3/2, i=0⟩ dst[d0]
                         │   │   d0 - i + 1 = 0 ⟨d0=3/2, i=5/2⟩ src[d0]
                         │   │   i - 3 = 0 ∨ i - 3 > 0 ∧ d0 - i + 2 > 0 ∨ i - 3 < 0 ∧ d0 - i + 1 < 0 ⟨d0=3/2, i=11/4⟩ dst[d0]
                         │   │   i > d0 + 3 ∨ d0 - i + 2 = 0 ∨ d0 - i + 3 = 0 ∨ d0 - i + 3 > 0 ∧ d0 - i + 2 < 0 ⟨d0=3/2, i=7/2⟩ ⊥
                         │   d0 - 2 = 0
                         │   │   i < 0 ⟨d0=2, i=-1⟩ ⊥
                         │   │   i = 0 ∨ i - 2 = 0 ∨ i - 1 = 0 ∨ i > 0 ∧ i - 1 < 0 ∨ i - 1 > 0 ∧ i - 2 < 0 ∨ i - 2 > 0 ∧ d0 - i + 1 > 0 ⟨d0=2, i=0⟩ dst[d0]
                         │   │   i > d0 + 3 ∨ d0 - i + 1 = 0 ∨ d0 - i + 2 = 0 ∨ d0 - i + 3 = 0 ∨ d0 - i + 2 > 0 ∧ d0 - i + 1 < 0 ∨ d0 - i + 3 > 0 ∧ d0 - i + 2 < 0 ⟨d0=2, i=3⟩ src[d0]
                         │   d0 > 2
                         │   │   i < 0 ⟨d0=3, i=-1⟩ ⊥
                         │   │   i = 0 ∨ i - 3 = 0 ∨ i - 2 = 0 ∨ i - 1 = 0 ∨ i > 0 ∧ i - 1 < 0 ∨ i - 2 > 0 ∧ i - 3 < 0 ∨ i - 1 > 0 ∧ i - 2 < 0 ∨ i - 3 > 0 ∧ d0 - i + 1 > 0 ⟨d0=3, i=0⟩ dst[d0]
                         │   │   i > d0 + 3 ∨ d0 - i + 1 = 0 ∨ d0 - i + 2 = 0 ∨ d0 - i + 3 = 0 ∨ d0 - i + 2 > 0 ∧ d0 - i + 1 < 0 ∨ d0 - i + 3 > 0 ∧ d0 - i + 2 < 0 ⟨d0=3, i=4⟩ src[d0]
                         src_1 : (var i, d0_1)
                         │   True
                         │   │   i < 0 ⟨d0_1=0, i=-1⟩ ⊥
                         │   │   i = 0 ∨ i > 1 ∨ i - 1 = 0 ∨ i > 0 ∧ i - 1 < 0 ⟨d0_1=0, i=0⟩ src[d0_1]
                         dst_2 : (var i, d0)
                         │   d0 < -2
                         │   │   d0 > i ⟨d0=-3, i=-4⟩ ⊥
                         │   │   d0 - i = 0 ∨ d0 - i + 1 = 0 ∨ d0 - i + 2 = 0 ∨ i < 0 ∧ d0 - i + 2 < 0 ∨ d0 - i < 0 ∧ d0 - i + 1 > 0 ∨ d0 - i + 2 > 0 ∧ d0 - i + 1 < 0 ⟨d0=-3, i=-3⟩ ⊥
                         │   │   i = 0 ∨ i > 2 ∨ i - 2 = 0 ∨ i - 1 = 0 ∨ i > 0 ∧ i - 1 < 0 ∨ i - 1 > 0 ∧ i - 2 < 0 ⟨d0=-3, i=0⟩ dst[d0]
                         │   d0 + 2 = 0
                         │   │   d0 > i ⟨d0=-2, i=-3⟩ ⊥
                         │   │   d0 - i = 0 ∨ d0 - i + 1 = 0 ∨ d0 - i < 0 ∧ d0 - i + 1 > 0 ∨ d0 - i + 2 > 0 ∧ d0 - i + 1 < 0 ⟨d0=-2, i=-2⟩ ⊥
                         │   │   i > 2 ∨ i - 2 = 0 ∨ i - 1 = 0 ∨ d0 - i + 2 = 0 ∨ i - 1 > 0 ∧ i - 2 < 0 ∨ i - 1 < 0 ∧ d0 - i + 2 < 0 ⟨d0=-2, i=0⟩ dst[d0]
                         │   d0 + 2 > 0 ∧ d0 + 1 < 0
                         │   │   d0 > i ⟨d0=-3/2, i=-3⟩ ⊥
                         │   │   d0 - i = 0 ∨ d0 - i + 1 = 0 ∨ i < 0 ∧ d0 - i + 1 < 0 ∨ d0 - i < 0 ∧ d0 - i + 1 > 0 ⟨d0=-3/2, i=-3/2⟩ ⊥
                         │   │   i = 0 ∨ i > 0 ∧ d0 - i + 2 > 0 ⟨d0=-3/2, i=0⟩ dst[d0]
                         │   │   d0 - i + 2 = 0 ∨ i - 1 < 0 ∧ d0 - i + 2 < 0 ⟨d0=-3/2, i=1/2⟩ ⊥
                         │   │   i > 2 ∨ i - 2 = 0 ∨ i - 1 = 0 ∨ i - 1 > 0 ∧ i - 2 < 0 ⟨d0=-3/2, i=1⟩ dst[d0]
                         │   d0 + 1 = 0
                         │   │   d0 > i ⟨d0=-1, i=-2⟩ ⊥
                         │   │   d0 - i = 0 ∨ d0 - i < 0 ∧ d0 - i + 1 > 0 ⟨d0=-1, i=-1⟩ ⊥
                         │   │   i > 2 ∨ i - 2 = 0 ∨ d0 - i + 1 = 0 ∨ d0 - i + 2 = 0 ∨ i - 2 < 0 ∧ d0 - i + 2 < 0 ∨ d0 - i + 2 > 0 ∧ d0 - i + 1 < 0 ⟨d0=-1, i=0⟩ dst[d0]
                         │   d0 < 0 ∧ d0 + 1 > 0
                         │   │   d0 > i ⟨d0=-1/2, i=-2⟩ ⊥
                         │   │   d0 - i = 0 ∨ i < 0 ∧ d0 - i < 0 ⟨d0=-1/2, i=-1/2⟩ ⊥
                         │   │   i = 0 ∨ i > 0 ∧ d0 - i + 1 > 0 ⟨d0=-1/2, i=0⟩ dst[d0]
                         │   │   d0 - i + 1 = 0 ∨ i - 1 < 0 ∧ d0 - i + 1 < 0 ⟨d0=-1/2, i=1/2⟩ ⊥
                         │   │   i - 1 = 0 ∨ i - 1 > 0 ∧ d0 - i + 2 > 0 ⟨d0=-1/2, i=1⟩ dst[d0]
                         │   │   d0 - i + 2 = 0 ∨ i - 2 < 0 ∧ d0 - i + 2 < 0 ⟨d0=-1/2, i=3/2⟩ ⊥
                         │   │   i > 2 ∨ i - 2 = 0 ⟨d0=-1/2, i=2⟩ dst[d0]
                         │   d0 = 0
                         │   │   d0 > i ⟨d0=0, i=-1⟩ ⊥
                         │   │   i > d0 + 2 ∨ d0 - i = 0 ∨ d0 - i + 1 = 0 ∨ d0 - i + 2 = 0 ∨ d0 - i < 0 ∧ d0 - i + 1 > 0 ∨ d0 - i + 2 > 0 ∧ d0 - i + 1 < 0 ⟨d0=0, i=0⟩ src[d0]
                         │   d0 > 0 ∧ d0 - 1 < 0
                         │   │   i < 0 ⟨d0=1/2, i=-1⟩ ⊥
                         │   │   i = 0 ∨ i > 0 ∧ d0 - i > 0 ⟨d0=1/2, i=0⟩ dst[d0]
                         │   │   d0 - i = 0 ∨ i - 1 < 0 ∧ d0 - i < 0 ⟨d0=1/2, i=1/2⟩ ⊥
                         │   │   i - 1 = 0 ∨ i - 1 > 0 ∧ d0 - i + 1 > 0 ⟨d0=1/2, i=1⟩ dst[d0]
                         │   │   d0 - i + 1 = 0 ∨ i - 2 < 0 ∧ d0 - i + 1 < 0 ⟨d0=1/2, i=3/2⟩ ⊥
                         │   │   i - 2 = 0 ∨ i - 2 > 0 ∧ d0 - i + 2 > 0 ⟨d0=1/2, i=2⟩ dst[d0]
                         │   │   i > d0 + 2 ∨ d0 - i + 2 = 0 ⟨d0=1/2, i=5/2⟩ ⊥
                         │   d0 - 1 = 0
                         │   │   i < 0 ⟨d0=1, i=-1⟩ ⊥
                         │   │   i = 0 ∨ i > 0 ∧ d0 - i > 0 ⟨d0=1, i=0⟩ dst[d0]
                         │   │   i > d0 + 2 ∨ d0 - i = 0 ∨ d0 - i + 1 = 0 ∨ d0 - i + 2 = 0 ∨ d0 - i < 0 ∧ d0 - i + 1 > 0 ∨ d0 - i + 2 > 0 ∧ d0 - i + 1 < 0 ⟨d0=1, i=1⟩ src[d0]
                         │   d0 - 1 > 0 ∧ d0 - 2 < 0
                         │   │   i < 0 ⟨d0=3/2, i=-1⟩ ⊥
                         │   │   i = 0 ∨ i - 1 = 0 ∨ i > 0 ∧ i - 1 < 0 ∨ i - 1 > 0 ∧ d0 - i > 0 ⟨d0=3/2, i=0⟩ dst[d0]
                         │   │   d0 - i = 0 ⟨d0=3/2, i=3/2⟩ src[d0]
                         │   │   i - 2 = 0 ∨ i - 2 < 0 ∧ d0 - i < 0 ∨ i - 2 > 0 ∧ d0 - i + 1 > 0 ⟨d0=3/2, i=7/4⟩ dst[d0]
                         │   │   i > d0 + 2 ∨ d0 - i + 1 = 0 ∨ d0 - i + 2 = 0 ∨ d0 - i + 2 > 0 ∧ d0 - i + 1 < 0 ⟨d0=3/2, i=5/2⟩ ⊥
                         │   d0 - 2 = 0
                         │   │   i < 0 ⟨d0=2, i=-1⟩ ⊥
                         │   │   i = 0 ∨ i - 1 = 0 ∨ i > 0 ∧ i - 1 < 0 ∨ i - 1 > 0 ∧ d0 - i > 0 ⟨d0=2, i=0⟩ dst[d0]
                         │   │   i > d0 + 2 ∨ d0 - i = 0 ∨ d0 - i + 1 = 0 ∨ d0 - i + 2 = 0 ∨ d0 - i < 0 ∧ d0 - i + 1 > 0 ∨ d0 - i + 2 > 0 ∧ d0 - i + 1 < 0 ⟨d0=2, i=2⟩ src[d0]
                         │   d0 > 2
                         │   │   i < 0 ⟨d0=3, i=-1⟩ ⊥
                         │   │   i = 0 ∨ i - 2 = 0 ∨ i - 1 = 0 ∨ i > 0 ∧ i - 1 < 0 ∨ i - 1 > 0 ∧ i - 2 < 0 ∨ i - 2 > 0 ∧ d0 - i > 0 ⟨d0=3, i=0⟩ dst[d0]
                         │   │   i > d0 + 2 ∨ d0 - i = 0 ∨ d0 - i + 1 = 0 ∨ d0 - i + 2 = 0 ∨ d0 - i < 0 ∧ d0 - i + 1 > 0 ∨ d0 - i + 2 > 0 ∧ d0 - i + 1 < 0 ⟨d0=3, i=3⟩ src[d0]
                         dst_3 : (var d0, n)
                         │   n < 0
                         │   │   d0 < n - 3 ⟨n=-1, d0=-5⟩ dst[d0]
                         │   │   d0 - n + 3 = 0 ⟨n=-1, d0=-4⟩ dst[d0]
                         │   │   d0 - n + 3 > 0 ∧ d0 - n + 2 < 0 ⟨n=-1, d0=-7/2⟩ dst[d0]
                         │   │   d0 - n + 2 = 0 ⟨n=-1, d0=-3⟩ dst[d0]
                         │   │   d0 - n + 2 > 0 ∧ d0 - n + 1 < 0 ⟨n=-1, d0=-5/2⟩ dst[d0]
                         │   │   d0 - n + 1 = 0 ⟨n=-1, d0=-2⟩ dst[d0]
                         │   │   d0 > n - 1 ⟨n=-1, d0=0⟩ dst[d0]
                         │   n = 0
                         │   │   d0 < n - 3 ⟨n=0, d0=-4⟩ dst[d0]
                         │   │   d0 - n + 3 = 0 ⟨n=0, d0=-3⟩ dst[d0]
                         │   │   d0 - n + 3 > 0 ∧ d0 - n + 2 < 0 ⟨n=0, d0=-5/2⟩ dst[d0]
                         │   │   d0 - n + 2 = 0 ⟨n=0, d0=-2⟩ dst[d0]
                         │   │   d0 - n + 2 > 0 ∧ d0 - n + 1 < 0 ⟨n=0, d0=-3/2⟩ dst[d0]
                         │   │   d0 - n + 1 = 0 ⟨n=0, d0=-1⟩ dst[d0]
                         │   │   d0 > n - 1 ⟨n=0, d0=0⟩ dst[d0]
                         │   n > 0 ∧ n - 1 < 0
                         │   │   d0 < n - 3 ⟨n=1/2, d0=-4⟩ ⊥
                         │   │   d0 - n + 3 = 0 ⟨n=1/2, d0=-5/2⟩ ⊥
                         │   │   d0 - n + 3 > 0 ∧ d0 - n + 2 < 0 ⟨n=1/2, d0=-2⟩ ⊥
                         │   │   d0 - n + 2 = 0 ⟨n=1/2, d0=-3/2⟩ ⊥
                         │   │   d0 - n + 2 > 0 ∧ d0 - n + 1 < 0 ⟨n=1/2, d0=-1⟩ ⊥
                         │   │   d0 - n + 1 = 0 ⟨n=1/2, d0=-1/2⟩ ⊥
                         │   │   d0 > n - 1 ⟨n=1/2, d0=0⟩ ⊥
                         │   n - 1 = 0
                         │   │   d0 < n - 3 ⟨n=1, d0=-3⟩ dst[d0]
                         │   │   d0 - n + 3 = 0 ⟨n=1, d0=-2⟩ dst[d0]
                         │   │   d0 - n + 3 > 0 ∧ d0 - n + 2 < 0 ⟨n=1, d0=-3/2⟩ dst[d0]
                         │   │   d0 - n + 2 = 0 ⟨n=1, d0=-1⟩ dst[d0]
                         │   │   d0 - n + 2 > 0 ∧ d0 - n + 1 < 0 ⟨n=1, d0=-1/2⟩ dst[d0]
                         │   │   d0 - n + 1 = 0 ⟨n=1, d0=0⟩ src[d0]
                         │   │   d0 > n - 1 ⟨n=1, d0=1⟩ dst[d0]
                         │   n - 1 > 0 ∧ n - 2 < 0
                         │   │   d0 < n - 3 ⟨n=3/2, d0=-3⟩ dst[d0]
                         │   │   d0 - n + 3 = 0 ⟨n=3/2, d0=-3/2⟩ ⊥
                         │   │   d0 - n + 3 > 0 ∧ d0 - n + 2 < 0 ⟨n=3/2, d0=-1⟩ dst[d0]
                         │   │   d0 - n + 2 = 0 ⟨n=3/2, d0=-1/2⟩ ⊥
                         │   │   d0 - n + 2 > 0 ∧ d0 - n + 1 < 0 ⟨n=3/2, d0=0⟩ src[d0]
                         │   │   d0 - n + 1 = 0 ⟨n=3/2, d0=1/2⟩ ⊥
                         │   │   d0 > n - 1 ⟨n=3/2, d0=2⟩ dst[d0]
                         │   n - 2 = 0
                         │   │   d0 < n - 3 ⟨n=2, d0=-2⟩ dst[d0]
                         │   │   d0 - n + 3 = 0 ⟨n=2, d0=-1⟩ dst[d0]
                         │   │   d0 - n + 3 > 0 ∧ d0 - n + 2 < 0 ⟨n=2, d0=-1/2⟩ dst[d0]
                         │   │   d0 - n + 2 = 0 ⟨n=2, d0=0⟩ src[d0]
                         │   │   d0 - n + 2 > 0 ∧ d0 - n + 1 < 0 ⟨n=2, d0=1/2⟩ dst[d0]
                         │   │   d0 - n + 1 = 0 ⟨n=2, d0=1⟩ src[d0]
                         │   │   d0 > n - 1 ⟨n=2, d0=2⟩ dst[d0]
                         │   n - 2 > 0 ∧ n - 3 < 0
                         │   │   d0 < n - 3 ⟨n=5/2, d0=-2⟩ dst[d0]
                         │   │   d0 - n + 3 = 0 ⟨n=5/2, d0=-1/2⟩ ⊥
                         │   │   d0 - n + 3 > 0 ∧ d0 - n + 2 < 0 ⟨n=5/2, d0=0⟩ src[d0]
                         │   │   d0 - n + 2 = 0 ⟨n=5/2, d0=1/2⟩ ⊥
                         │   │   d0 - n + 2 > 0 ∧ d0 - n + 1 < 0 ⟨n=5/2, d0=1⟩ src[d0]
                         │   │   d0 - n + 1 = 0 ⟨n=5/2, d0=3/2⟩ src[d0]
                         │   │   d0 > n - 1 ⟨n=5/2, d0=3⟩ dst[d0]
                         │   n - 3 = 0
                         │   │   d0 < n - 3 ⟨n=3, d0=-1⟩ dst[d0]
                         │   │   d0 - n + 3 = 0 ⟨n=3, d0=0⟩ src[d0]
                         │   │   d0 - n + 3 > 0 ∧ d0 - n + 2 < 0 ⟨n=3, d0=1/2⟩ dst[d0]
                         │   │   d0 - n + 2 = 0 ⟨n=3, d0=1⟩ src[d0]
                         │   │   d0 - n + 2 > 0 ∧ d0 - n + 1 < 0 ⟨n=3, d0=3/2⟩ dst[d0]
                         │   │   d0 - n + 1 = 0 ⟨n=3, d0=2⟩ src[d0]
                         │   │   d0 > n - 1 ⟨n=3, d0=3⟩ dst[d0]
                         │   n > 3
                         │   │   d0 < n - 3 ⟨n=4, d0=0⟩ src[d0]
                         │   │   d0 - n + 3 = 0 ⟨n=4, d0=1⟩ src[d0]
                         │   │   d0 - n + 3 > 0 ∧ d0 - n + 2 < 0 ⟨n=4, d0=3/2⟩ ⊥
                         │   │   d0 - n + 2 = 0 ⟨n=4, d0=2⟩ src[d0]
                         │   │   d0 - n + 2 > 0 ∧ d0 - n + 1 < 0 ⟨n=4, d0=5/2⟩ src[d0]
                         │   │   d0 - n + 1 = 0 ⟨n=4, d0=3⟩ src[d0]
                         │   │   d0 > n - 1 ⟨n=4, d0=4⟩ dst[d0]
                         src_2 : (var d0_1, n)
                         │   n < 0
                         │   │   True ⟨n=-1, d0_1=0⟩ src[d0_1]
                         │   n = 0
                         │   │   True ⟨n=0, d0_1=0⟩ src[d0_1]
                         │   n > 0 ∧ n - 1 < 0
                         │   │   True ⟨n=1/2, d0_1=0⟩ ⊥
                         │   n - 1 = 0
                         │   │   True ⟨n=1, d0_1=0⟩ src[d0_1]
                         │   n - 1 > 0 ∧ n - 2 < 0
                         │   │   True ⟨n=3/2, d0_1=0⟩ src[d0_1]
                         │   n - 2 = 0
                         │   │   True ⟨n=2, d0_1=0⟩ src[d0_1]
                         │   n > 2
                         │   │   True ⟨n=3, d0_1=0⟩ src[d0_1]