def foo(x : f32, ConfigAB_a : f32, ConfigAB_b : f32):
  ConfigAB_a_1 = \phi(True ? 1.0 : 1.0)
  x_1 = \phi(True ? 3.0 : x)
  ConfigAB_a_2 = \phi(True ? 2.0 : 2.0)
  ConfigAB_b_1 = \phi(True ? x_1 : x_1)
------------------------ ConfigAB_a_1 : 
                             - 1.0
                         x_1 : 
                             - 3.0
                         ConfigAB_a_2 : 
                             - 2.0
                         ConfigAB_b_1 : 
                             - 3.0