def foo(z : R, x : R[3]):
  z_1 = \phi(True ? 4.2 : z)
  x_1 =\d0 \phi(0 == d0 ? 2.0 : x[d0])
  x_2 =\d0 \phi(1 == d0 ? 3.0 : x_1[d0])
  x_3 =\d0 \phi(2 == d0 ? 5.0 : x_2[d0])
  x_4 =\d0 \phi(0 == d0 ? 12.0 : x_3[d0])
------------------------ z_1 : (var)
                         4.2
                         x_1 : (var d0)
                         │   d0 < 0 ⟨d0=-1⟩ x[d0]
                         │   -d0 = 0 ⟨d0=0⟩ 2.0
                         │   d0 > 0 ⟨d0=1⟩ x[d0]
                         x_2 : (var d0)
                         │   d0 < 0 ⟨d0=-1⟩ x[d0]
                         │   -d0 = 0 ⟨d0=0⟩ 2.0
                         │   -d0 < 0 ∧ 1 - d0 > 0 ⟨d0=1/2⟩ x[d0]
                         │   1 - d0 = 0 ⟨d0=1⟩ 3.0
                         │   d0 > 1 ⟨d0=2⟩ x[d0]
                         x_3 : (var d0)
                         │   d0 < 0 ⟨d0=-1⟩ x[d0]
                         │   -d0 = 0 ⟨d0=0⟩ 2.0
                         │   -d0 < 0 ∧ 1 - d0 > 0 ⟨d0=1/2⟩ x[d0]
                         │   1 - d0 = 0 ⟨d0=1⟩ 3.0
                         │   2 - d0 > 0 ∧ 1 - d0 < 0 ⟨d0=3/2⟩ x[d0]
                         │   2 - d0 = 0 ⟨d0=2⟩ 5.0
                         │   d0 > 2 ⟨d0=3⟩ x[d0]
                         x_4 : (var d0)
                         │   d0 < 0 ⟨d0=-1⟩ x[d0]
                         │   -d0 = 0 ⟨d0=0⟩ 12.0
                         │   -d0 < 0 ∧ 1 - d0 > 0 ⟨d0=1/2⟩ x[d0]
                         │   1 - d0 = 0 ⟨d0=1⟩ 3.0
                         │   2 - d0 > 0 ∧ 1 - d0 < 0 ⟨d0=3/2⟩ x[d0]
                         │   2 - d0 = 0 ⟨d0=2⟩ 5.0
                         │   d0 > 2 ⟨d0=3⟩ x[d0]