union(
	intersect(
		-1 * b_m1 + -1 + 1 * a_m1 + 1 + -1 >= 0,
		-1 * a_m1 + -1 + 0 + -1 >= 0,
		4 + -1 * a_m1 + -1 + -1 * b_m1 + -1 + -1 >= 0,
	),
	intersect(
		1 * b_m1 + 1 + -1 * a_m1 + -1 >= 0,
		1 * a_m1 + 1 + 0 >= 0,
		4 + -1 * a_m1 + -1 + -1 * b_m1 + -1 + -1 >= 0,
	),
)