
#include <stdint.h>
#include <stdbool.h>

// Compiler feature macros adapted from Hedley (public domain)
// https://github.com/nemequ/hedley

#if defined(__has_builtin)
#  define EXO_HAS_BUILTIN(builtin) __has_builtin(builtin)
#else
#  define EXO_HAS_BUILTIN(builtin) (0)
#endif

#if EXO_HAS_BUILTIN(__builtin_assume)
#  define EXO_ASSUME(expr) __builtin_assume(expr)
#elif EXO_HAS_BUILTIN(__builtin_unreachable)
#  define EXO_ASSUME(expr) \
      ((void)((expr) ? 1 : (__builtin_unreachable(), 1)))
#else
#  define EXO_ASSUME(expr) ((void)(expr))
#endif

typedef struct c_code_str_Context { 

    struct ConfigLoad {
        int_fast32_t src_stride;
    } ConfigLoad;

    struct ConfigLoad_id1 {
        int_fast32_t src_stride;
    } ConfigLoad_id1;

    struct ConfigLoad_id2 {
        int_fast32_t src_stride;
    } ConfigLoad_id2;

    struct ConfigMatmul {
        bool done;
    } ConfigMatmul;

    struct ConfigStore {
        float scale;
        int_fast32_t dst_stride;
        bool act;
    } ConfigStore;

} c_code_str_Context;
#include <stdio.h>
#include <stdlib.h>

#ifndef EXO_WIN_2I8
#define EXO_WIN_2I8
struct exo_win_2i8{
    int8_t * const data;
    const int_fast32_t strides[2];
};
#endif
#ifndef EXO_WIN_2I8C
#define EXO_WIN_2I8C
struct exo_win_2i8c{
    const int8_t * const data;
    const int_fast32_t strides[2];
};
#endif
// matmul_on_gemmini(
//     N : size,
//     M : size,
//     scale : f32 @DRAM,
//     act : bool,
//     A : i8[N, 512] @DRAM,
//     B : i8[512, M] @DRAM,
//     C : i8[N, M] @DRAM
// )
void matmul_on_gemmini( c_code_str_Context *ctxt, int_fast32_t N, int_fast32_t M, const float* scale, bool act, const int8_t* A, const int8_t* B, int8_t* C );


#include <include/gemmini.h>
#include "gemm_acc_malloc.h"
#include <include/gemmini.h>
#include "gemm_malloc.h"
#ifndef EXO_WIN_2I32
#define EXO_WIN_2I32
struct exo_win_2i32{
    int32_t * const data;
    const int_fast32_t strides[2];
};
#endif
#ifndef EXO_WIN_2I32C
#define EXO_WIN_2I32C
struct exo_win_2i32c{
    const int32_t * const data;
    const int_fast32_t strides[2];
};
#endif
#ifndef EXO_WIN_3I8
#define EXO_WIN_3I8
struct exo_win_3i8{
    int8_t * const data;
    const int_fast32_t strides[3];
};
#endif

/* relying on the following instruction..."
config_ld_i8_id1(src_stride)
gemmini_extended3_config_ld({src_stride}, 1.0f, 0, 1);

*/

/* relying on the following instruction..."
config_ld_i8_id2(src_stride)
gemmini_extended3_config_ld({src_stride}, 1.0f, 0, 2);

*/

/* relying on the following instruction..."
config_matmul()
gemmini_extended_config_ex(WS, 0, 0, 1, 0, 0);

*/

/* relying on the following instruction..."
config_st_acc_i8(scale,dst_stride,act)
gemmini_extended_config_st({dst_stride}, {act}, {scale}[0]);

*/

/* relying on the following instruction..."
config_zero()
gemmini_extended3_config_ld(0, 1.0f, 0, 0);

*/

/* relying on the following instruction..."
do_ld_i8_block_id1(n,m,src,dst)
gemmini_extended_mvin2( &{src_data}, ((uint64_t) &{dst_data}), 16*{m}, {n} );
*/

/* relying on the following instruction..."
do_ld_i8_block_id2(n,m,src,dst)
gemmini_extended_mvin3( &{src_data}, ((uint64_t) &{dst_data}), 16*{m}, {n} );
*/

/* relying on the following instruction..."
do_matmul_acc_i8(N,M,K,A,B,C)
gemmini_extended_preload((uint32_t)(&{B_data}), (uint32_t)(&{C_data}) | 0x40000000, {M}, {K}, {M}, {N});
gemmini_extended_compute_preloaded((uint32_t)(&{A_data}), ~((uint32_t)0), {K}, {N}, 16, 16);
*/

/* relying on the following instruction..."
do_st_acc_i8(n,m,src,dst)
gemmini_extended_mvout( ((uint64_t) &{dst_data}), (uint32_t) &{src_data}, {m}, {n} );
*/

/* relying on the following instruction..."
do_zero_acc_i32(n,m,dst)
gemmini_extended_mvin( 0, ((uint64_t) &{dst_data}),{m}, {n} );
*/
// matmul_on_gemmini(
//     N : size,
//     M : size,
//     scale : f32 @DRAM,
//     act : bool,
//     A : i8[N, 512] @DRAM,
//     B : i8[512, M] @DRAM,
//     C : i8[N, M] @DRAM
// )
void matmul_on_gemmini( c_code_str_Context *ctxt, int_fast32_t N, int_fast32_t M, const float* scale, bool act, const int8_t* A, const int8_t* B, int8_t* C ) {
EXO_ASSUME(N % 256 == 0);
EXO_ASSUME(M % 256 == 0);
gemmini_extended_config_st((M), (act), (scale)[0]);
gemmini_extended_config_ex(WS, 0, 0, 1, 0, 0);
gemmini_extended3_config_ld((M), 1.0f, 0, 2);
gemmini_extended3_config_ld((512), 1.0f, 0, 1);
gemmini_extended3_config_ld(0, 1.0f, 0, 0);
int32_t *res = (int32_t*) ((uint32_t)gemm_acc_malloc (16 * 16 * 16 * sizeof(int32_t)));
int8_t *A_tmp = (int8_t*) ((uint64_t)gemm_malloc (16 * 16 * 32 * 16 * sizeof(int8_t)));
int8_t *B_tmp = (int8_t*) ((uint64_t)gemm_malloc (16 * 16 * 16 * 32 * sizeof(int8_t)));
for (int_fast32_t ioo = 0; ioo < ((N) / (256)); ioo++) {
  for (int_fast32_t joo = 0; joo < ((M) / (256)); joo++) {
    for (int_fast32_t ioi = 0; ioi < 16; ioi++) {
      for (int_fast32_t joio = 0; joio < 4; joio++) {
        gemmini_extended_mvin( 0, ((uint64_t) &*(int32_t*)((uint64_t)( ((uint32_t)((uint64_t)res)) + ((4 * joio) * (256))/16))),(16), (16) );
        gemmini_extended_mvin( 0, ((uint64_t) &*(int32_t*)((uint64_t)( ((uint32_t)((uint64_t)res)) + ((1 + 4 * joio) * (256))/16))),(16), (16) );
        gemmini_extended_mvin( 0, ((uint64_t) &*(int32_t*)((uint64_t)( ((uint32_t)((uint64_t)res)) + ((2 + 4 * joio) * (256))/16))),(16), (16) );
        gemmini_extended_mvin( 0, ((uint64_t) &*(int32_t*)((uint64_t)( ((uint32_t)((uint64_t)res)) + ((3 + 4 * joio) * (256))/16))),(16), (16) );
        for (int_fast32_t koo = 0; koo < 8; koo++) {
          if (joo == 0) {
            if (joio == 0) {
              gemmini_extended_mvin2( &A[(16 * ioi + 256 * ioo) * (512) + 64 * koo], ((uint64_t) &*(int8_t*)((uint64_t)( ((uint32_t)((uint64_t)A_tmp)) + ((ioi) * (8192) + (4 * koo) * (256))/16))), 16*(4), (16) );
            }
          }
          for (int_fast32_t koi = 0; koi < 4; koi++) {
            if (ioi == 0) {
              gemmini_extended_mvin3( &B[(16 * koi + 64 * koo) * M + 64 * joio + 256 * joo], ((uint64_t) &*(int8_t*)((uint64_t)( ((uint32_t)((uint64_t)B_tmp)) + ((koi + 4 * koo) * (4096) + (4 * joio) * (256))/16))), 16*(4), (16) );
            }
            gemmini_extended_preload((uint32_t)(&*(int8_t*)((uint64_t)( ((uint32_t)((uint64_t)B_tmp)) + ((koi + 4 * koo) * (4096) + (4 * joio) * (256))/16))), (uint32_t)(&*(int32_t*)((uint64_t)( ((uint32_t)((uint64_t)res)) + ((4 * joio) * (256))/16))) | 0x40000000, (16), (16), (16), (16));
            gemmini_extended_compute_preloaded((uint32_t)(&*(int8_t*)((uint64_t)( ((uint32_t)((uint64_t)A_tmp)) + ((ioi) * (8192) + (koi + 4 * koo) * (256))/16))), ~((uint32_t)0), (16), (16), 16, 16);
            gemmini_extended_preload((uint32_t)(&*(int8_t*)((uint64_t)( ((uint32_t)((uint64_t)B_tmp)) + ((koi + 4 * koo) * (4096) + (1 + 4 * joio) * (256))/16))), (uint32_t)(&*(int32_t*)((uint64_t)( ((uint32_t)((uint64_t)res)) + ((1 + 4 * joio) * (256))/16))) | 0x40000000, (16), (16), (16), (16));
            gemmini_extended_compute_preloaded((uint32_t)(&*(int8_t*)((uint64_t)( ((uint32_t)((uint64_t)A_tmp)) + ((ioi) * (8192) + (koi + 4 * koo) * (256))/16))), ~((uint32_t)0), (16), (16), 16, 16);
            gemmini_extended_preload((uint32_t)(&*(int8_t*)((uint64_t)( ((uint32_t)((uint64_t)B_tmp)) + ((koi + 4 * koo) * (4096) + (2 + 4 * joio) * (256))/16))), (uint32_t)(&*(int32_t*)((uint64_t)( ((uint32_t)((uint64_t)res)) + ((2 + 4 * joio) * (256))/16))) | 0x40000000, (16), (16), (16), (16));
            gemmini_extended_compute_preloaded((uint32_t)(&*(int8_t*)((uint64_t)( ((uint32_t)((uint64_t)A_tmp)) + ((ioi) * (8192) + (koi + 4 * koo) * (256))/16))), ~((uint32_t)0), (16), (16), 16, 16);
            gemmini_extended_preload((uint32_t)(&*(int8_t*)((uint64_t)( ((uint32_t)((uint64_t)B_tmp)) + ((koi + 4 * koo) * (4096) + (3 + 4 * joio) * (256))/16))), (uint32_t)(&*(int32_t*)((uint64_t)( ((uint32_t)((uint64_t)res)) + ((3 + 4 * joio) * (256))/16))) | 0x40000000, (16), (16), (16), (16));
            gemmini_extended_compute_preloaded((uint32_t)(&*(int8_t*)((uint64_t)( ((uint32_t)((uint64_t)A_tmp)) + ((ioi) * (8192) + (koi + 4 * koo) * (256))/16))), ~((uint32_t)0), (16), (16), 16, 16);
          }
        }
        gemmini_extended_mvout( ((uint64_t) &C[(16 * ioi + 256 * ioo) * M + 64 * joio + 256 * joo]), (uint32_t) &*(int32_t*)((uint64_t)( ((uint32_t)((uint64_t)res)) + ((4 * joio) * (256))/16)), (16), (16) );
        gemmini_extended_mvout( ((uint64_t) &C[(16 * ioi + 256 * ioo) * M + 16 + 64 * joio + 256 * joo]), (uint32_t) &*(int32_t*)((uint64_t)( ((uint32_t)((uint64_t)res)) + ((1 + 4 * joio) * (256))/16)), (16), (16) );
        gemmini_extended_mvout( ((uint64_t) &C[(16 * ioi + 256 * ioo) * M + 32 + 64 * joio + 256 * joo]), (uint32_t) &*(int32_t*)((uint64_t)( ((uint32_t)((uint64_t)res)) + ((2 + 4 * joio) * (256))/16)), (16), (16) );
        gemmini_extended_mvout( ((uint64_t) &C[(16 * ioi + 256 * ioo) * M + 48 + 64 * joio + 256 * joo]), (uint32_t) &*(int32_t*)((uint64_t)( ((uint32_t)((uint64_t)res)) + ((3 + 4 * joio) * (256))/16)), (16), (16) );
      }
    }
  }
}
gemm_free((uint64_t)(B_tmp));
gemm_free((uint64_t)(A_tmp));
gemm_acc_free((uint32_t)(res));
}

