#include "test.h"

/* Required by DRAM */
#ifndef EXO_MEMORY_GLOBAL_DRAM
#define EXO_MEMORY_GLOBAL_DRAM
#include <stdio.h>
#include <stdlib.h>

#endif
// foo(

// )
void foo( void *ctxt ) {
int32_t a;
a = a + ((int32_t) 3);
}

