#include "test.h"

/* Required by DRAM */
#ifndef EXO_MEMORY_GLOBAL_DRAM
#define EXO_MEMORY_GLOBAL_DRAM
#include <stdio.h>
#include <stdlib.h>

#endif
// foo(

// )
void foo( void *ctxt ) {
_Float16 a;
a = a + ((_Float16) 3);
}

